File: rent_with_ward_distances_full_through2022.parquet
Rows: 1431154
Columns: 83
SHA-256 (saved bytes): 021e93f0ef2a992859dcdc48f55857f58ca70a7923aa8f7adb6e822f513b91de
Key: rent_panel_id
Types: Stored Parquet schema.
Distinct counts: approximate (exact up to 100,000 rows).
Row counts, non-missing counts, and declared-key checks: exact.

                                        column inferred_type non_missing distinct                  min                max                 mean                  sd
                                 rent_panel_id       VARCHAR     1431154  1569088                    -                  -                    -                   -
                                  analysis_key       VARCHAR     1431154   512432                    -                  -                    -                   -
                                    key_source       VARCHAR     1431154        1                    -                  -                    -                   -
                                   property_id       VARCHAR           0        0                    -                  -                    -                   -
                                       unit_id       VARCHAR           0        0                    -                  -                    -                   -
                                  property_key       VARCHAR     1431154   215292                    -                  -                    -                   -
                                 floorplan_key       VARCHAR     1431154   512432                    -                  -                    -                   -
                                  address_norm       VARCHAR     1316643   189676                    -                  -                    -                   -
                               address_missing       INTEGER     1431154        2                    0                  1  0.08001305240386429  0.2713135000025012
                                   month_start          DATE     1431154       96                    -                  -                    -                   -
                           first_observed_date          DATE     1431154     2622                    -                  -                    -                   -
                           first_observed_rent        DOUBLE     1431154    10952                490.0            16713.0   1971.3326036261642  1024.3870016488959
                                   active_days       INTEGER     1431154       29                    1                 31   3.4964881487247355   4.323150375101336
                          distinct_daily_rents       INTEGER     1431154       26                    1                 25   1.5507038376023825  1.6193963084849583
                               multi_rent_days        DOUBLE     1431154       32                  0.0               31.0   0.6157660181923119   2.363763482433537
                         same_rent_repeat_days        DOUBLE     1431154       32                  0.0               31.0  0.31864774860008077  1.8018747592770654
                                raw_rows_month        DOUBLE     1431154      553                  1.0             1795.0    5.798625444920672  15.824296434157528
                                            id       VARCHAR     1431154  1327405                    -                  -                    -                   -
                                    rent_price        DOUBLE     1431154   350134    581.1620284598174  19336.59893573796   2262.3375516283195  1161.4868355541196
                                 building_type       VARCHAR     1392356       17                    -                  -                    -                   -
                           building_type_clean       VARCHAR     1431154        6                    -                  -                    -                   -
                                          beds        DOUBLE     1431154       10                  0.0                8.0   1.6207871410064885  1.0475730586641556
                                         baths        DOUBLE     1427392       18                  0.0                8.0    1.318847135194817  0.5459337180069774
                                          sqft        DOUBLE      919795     2761                233.0             6000.0    983.3895172293826  440.14914641562405
                                       laundry       INTEGER     1431154        2                    0                  1    0.486020372370828  0.4998047064195359
                                           gym       INTEGER     1431154        2                    0                  1   0.1921274719561976 0.39397286065169357
                                       doorman       INTEGER     1431154        2                    0                  1   0.1322086931245694  0.3387176327749716
                                     furnished       INTEGER     1431154        2                    0                  1 0.043249713168533925 0.20341879065747176
                                          pool       INTEGER     1431154        2                    0                  1   0.1759377397540726 0.38076732106338435
                                    year_built        DOUBLE        9865       67               1866.0             2017.0   1993.6003041054232  31.301649934695032
                                available_date          DATE       42963      849                    -                  -                    -                   -
                                     file_date          DATE     1431154       96                    -                  -                    -                   -
                                      latitude        DOUBLE     1431154   135968           41.6449348           42.02293   41.897892159583236 0.06366401073292423
                                     longitude        DOUBLE     1431154   102341             -87.9264           -87.5249   -87.64901323368056 0.03910043619982806
                                modal_latitude        DOUBLE     1316643    72730             41.63051          42.038322    41.89660207761475 0.06345720146821568
                               modal_longitude        DOUBLE     1316643    45215             -87.9264         -87.525406   -87.64836283851061 0.03905924656966269
flag_geometry_uses_address_location_correction       BOOLEAN     1431154        2                    -                  -                    -                   -
                    flag_location_questionable       BOOLEAN     1431154        2                    -                  -                    -                   -
                       location_quality_status       VARCHAR     1431154        5                    -                  -                    -                   -
                               assignment_date          DATE     1431154     2622                    -                  -                    -                   -
                              renthub_latitude        DOUBLE     1431154   144760            41.573035          42.043514    41.89788162729617   0.063704498565709
                             renthub_longitude        DOUBLE     1431154    89354            -88.09281           -87.5249   -87.64904949924711 0.03914719522436839
                                 boundary_year       INTEGER     1431154        2                 2003               2015    2012.226235611262   5.058796463808799
                                          ward        DOUBLE     1431154       54                  1.0               50.0   29.533069117649113   17.31323714011753
                                 neighbor_ward        DOUBLE     1431154       54                  1.0               50.0    25.01469373666286  17.708950311540384
                                  ward_pair_id       VARCHAR     1431154      149                    -                  -                    -                   -
                                        dist_m        DOUBLE     1431154   152769 0.005171906871675538  8572.922632431482    366.1965782068427  343.33275629325516
                flag_modal_sensitivity_checked       BOOLEAN     1431154        2                    -                  -                    -                   -
                                    modal_ward       INTEGER      912305       45                    1                 50   26.423404453554458   17.60854754501658
                           modal_neighbor_ward       INTEGER      912305       45                    1                 50   24.999378497322716  17.051577676017665
                            modal_ward_pair_id       VARCHAR      912305      149                    -                  -                    -                   -
                                  modal_dist_m        DOUBLE      912305    99992 0.005171906871675538 2475.2666806011334   184.97876165887988    128.451492550466
                                 modal_dist_ft        DOUBLE      912305    91165  0.01696819839788562  8120.953676512904    606.8857009806138  421.42878133356186
                 flag_modal_assignment_missing       BOOLEAN     1431154        2                    -                  -                    -                   -
                       flag_modal_changes_ward       BOOLEAN     1431154        2                    -                  -                    -                   -
              flag_modal_changes_neighbor_ward       BOOLEAN     1431154        2                    -                  -                    -                   -
                       flag_modal_changes_pair       BOOLEAN     1431154        2                    -                  -                    -                   -
                  flag_modal_dist_diff_gt100ft       BOOLEAN     1431154        2                    -                  -                    -                   -
                 flag_rd_location_questionable       BOOLEAN     1431154        2                    -                  -                    -                   -
                                    month_join        DOUBLE     1431154      118               2014.0 2022.9166666666667   2017.6315687086192  2.6598595449524924
                                  alderman_own       VARCHAR     1431154       79                    -                  -                    -                   -
                             alderman_neighbor       VARCHAR     1431154       79                    -                  -                    -                   -
                     flag_missing_own_alderman       BOOLEAN     1431154        1                    -                  -                    -                   -
                flag_missing_neighbor_alderman       BOOLEAN     1431154        1                    -                  -                    -                   -
                  flag_missing_alderman_lookup       BOOLEAN     1431154        1                    -                  -                    -                   -
                               rent_year_month       VARCHAR     1431154      118                    -                  -                    -                   -
                  rent_price_cpi_chi_all_items        DOUBLE     1431154      104              225.027            278.415   237.86490258527274  14.273178023212703
                   rent_price_deflator_to_2022        DOUBLE     1431154      108    0.981829582936743  1.214770153507505   1.1530017058696578 0.06333857094549128
                            rent_price_nominal        DOUBLE     1431154    16287                490.0            16713.0    1969.394715961734   1022.347174321923
                                    segment_id       VARCHAR      989256     2756                    -                  -                    -                   -
                                segment_reason       VARCHAR     1431154        2                    -                  -                    -                   -
                           analysis_segment_id       VARCHAR      989256     2756                    -                  -                    -                   -
                                 valid_segment       BOOLEAN      989256        1                    -                  -                    -                   -
                                invalid_reason       VARCHAR      989256        1                    -                  -                    -                   -
                             segment_length_ft        DOUBLE      989256     2645   10.013376054993406 1965.2452099191446   1264.5309883609664   252.6811965448068
                               segment_lt500ft       BOOLEAN      989256        2                    -                  -                    -                   -
                              segment_lt1000ft       BOOLEAN      989256        2                    -                  -                    -                   -
                                strictness_own        DOUBLE     1431154       84   -3.445538716858071 1.9225861455290751  0.11831173706284964  0.8036436943530776
                           strictness_neighbor        DOUBLE     1431154       83   -3.445538716858071 1.9225861455290751  0.03513452345737932  0.8008204015201218
                                          sign        DOUBLE     1431154        2                 -1.0                1.0  0.07200622714257165  0.9974045309537749
                                 signed_dist_m        DOUBLE     1431154   164028   -4921.739446787049  8572.922632431482   61.514747848414466  498.19006642855084
                                       dist_ft        DOUBLE     1431154   188070  0.01696819839788562  28126.38658934213   1201.4323431989494   1126.419804111725
                                   signed_dist        DOUBLE     1431154   146739  -16147.439129878769  28126.38658934213    201.8200388727372   1634.481845238022
