File: multicard_project_evidence_base.csv
Rows: 273
Columns: 67
SHA-256 (saved bytes): 3fa7d1ea328f72139dc546325f9bfa8f635cba44c99d0c13320163c349ecb7e7
Key: project_id
Types: DuckDB inference from the complete saved CSV.
Distinct counts: exact (exact up to 100,000 rows).
Row counts, non-missing counts, and declared-key checks: exact.

                                      column inferred_type non_missing distinct                 min               max                mean                 sd
                                  project_id       VARCHAR         273      273                   -                 -                   -                  -
                           construction_year        BIGINT         273       17                2006              2022  2012.5934065934066  5.673036111299143
                                within_500ft       BOOLEAN         273        2                   -                 -                   -                  -
                               within_1500ft       BOOLEAN         273        1                   -                 -                   -                  -
                     distance_to_boundary_ft        DOUBLE         273      273   49.22455487329204 1473.294112609551   616.3159100554706  377.2430931151205
                                   ward_pair       VARCHAR         273       63                   -                 -                   -                  -
                              dwelling_units        BIGINT         273        5                   1                 6  1.3919413919413919  1.030887451533356
                               building_sqft        BIGINT         273      246                 315             12406   2828.974358974359 1483.7018548863045
                                   land_sqft        BIGINT         272      203                1936            307739             12007.5  28669.05210381686
                                 density_far        DOUBLE         272      272 0.00759006168842234 2.578706727629001  0.5755377533582222 0.4682901486028191
                               density_dupac        DOUBLE         272      210 0.14154852001208815 93.14326443335707   11.91367138181529 11.749013180879109
                              component_pins        BIGINT         273      273      11303200330000    25221030430000  15992532936102.572 2796670320508.7383
                          source_project_ids       VARCHAR         273      273                   -                 -                   -                  -
                                         pin        BIGINT         273      273      11303200330000    25221030430000  15992532936102.572 2796670320508.7383
                           permit_project_id       VARCHAR         273      273                   -                 -                   -                  -
                         geometry_project_id       VARCHAR         273      273                   -                 -                   -                  -
                                target_cards        BIGINT         273       23                   1                43    3.73992673992674  5.522858514490826
                         target_card_numbers       VARCHAR         273       28                   -                 -                   -                  -
                              target_classes       VARCHAR         273       14                   -                 -                   -                  -
                      target_card_signatures        BIGINT         273        9                   1                12  1.5238095238095237 1.3285541097030882
                identical_target_card_fields       BOOLEAN         273        2                   -                 -                   -                  -
                           summed_card_units        BIGINT         273       24                   1                43   4.468864468864469  5.846059931315653
                   summed_card_building_sqft        BIGINT         273      260                 315             83226   8407.021978021978 10241.345276527132
                   distinct_card_unit_values        BIGINT         273        5                   1                 6  1.3663003663003663 0.9914523722838221
               distinct_card_building_values       VARCHAR         273      256                   -                 -                   -                  -
              all_target_card_units_observed       BOOLEAN         273        1                   -                 -                   -                  -
      all_target_card_building_sqft_observed       BOOLEAN         273        1                   -                 -                   -                  -
                          history_first_year        BIGINT         273       20                1999              2023  2005.3663003663003 7.5037662022663145
                           history_last_year        BIGINT         273       20                2007              2026  2019.4029304029305  7.160881696780739
                        history_card_numbers        BIGINT         273       22                   2                43   4.172161172161172  5.332650684872319
                    maximum_concurrent_cards        BIGINT         273       22                   2                43   4.142857142857143  5.341096415940246
                   years_with_multiple_cards        BIGINT         273       25                   1                28   6.970695970695971 7.0741257950254175
  card_numbers_with_multiple_building_values        BIGINT         273        5                   0                10  0.6117216117216118 0.8463643936986727
card_numbers_with_multiple_year_built_values        BIGINT         273        4                   0                 3  0.5238095238095238 0.6304038099388634
                 inventory_observation_years       VARCHAR         271       74                   -                 -                   -                  -
                inventory_same_year_observed       BOOLEAN         273        2                   -                 -                   -                  -
                               permit_chains        BIGINT         273       11                   0                17  0.9963369963369964 1.8119257071880415
                     exact_pin_permit_chains        BIGINT         273        9                   0                12    0.73992673992674 1.2134885275015732
                  polygon_only_permit_chains        BIGINT         273        6                   0                17  0.2564102564102564 1.4803259801616264
                   distinct_permit_addresses        BIGINT         153       10                   1                17  1.7254901960784315 1.9941865975275515
         exact_pin_distinct_permit_addresses        BIGINT         153        9                   0                12  1.2941176470588236 1.3566713955640828
                            permit_addresses       VARCHAR         153      152                   -                 -                   -                  -
                  exact_pin_permit_addresses       VARCHAR         127      127                   -                 -                   -                  -
                          permit_unit_values        BIGINT          31        7                   1                 9  3.6774193548387095  2.039396916969876
                exact_pin_permit_unit_values        BIGINT          27        7                   1                 9  3.7037037037037037 2.1088606988830363
                    permit_chains_with_units        BIGINT         273        6                   0                 7 0.18681318681318682 0.6737530079397211
          exact_pin_permit_chains_with_units        BIGINT         273        6                   0                 7  0.1684981684981685 0.6593476172153167
                all_permit_chains_have_units       BOOLEAN         153        2                   -                 -                   -                  -
      all_exact_pin_permit_chains_have_units       BOOLEAN         153        2                   -                 -                   -                  -
                   summed_permit_chain_units        BIGINT          28        9                   1                24   5.464285714285714  4.533677624647876
         summed_exact_pin_permit_chain_units        BIGINT          25        9                   1                24                5.52  4.779469984562445
                             permit_evidence       VARCHAR         153      152                   -                 -                   -                  -
                   exact_pin_permit_evidence       VARCHAR         153      128                   -                 -                   -                  -
                           current_addresses       VARCHAR         127      127                   -                 -                   -                  -
                       current_address_count        BIGINT         127        1                   1                 1                 1.0                0.0
                              manual_address       VARCHAR           7        7                   -                 -                   -                  -
                   manual_physical_buildings       VARCHAR           7        5                   -                 -                   -                  -
                       manual_verified_units        BIGINT           7        5                   2                24   9.428571428571429  6.972736021035617
                        manual_verified_sqft        BIGINT           7        7                2832             30720  13472.857142857143  8863.817451274806
                       manual_classification       VARCHAR           7        5                   -                 -                   -                  -
                           manual_confidence       VARCHAR           7        2                   -                 -                   -                  -
                             manual_evidence       VARCHAR           7        7                   -                 -                   -                  -
                     selected_and_sum_differ       BOOLEAN         273        2                   -                 -                   -                  -
             summed_cards_change_multifamily       BOOLEAN         273        2                   -                 -                   -                  -
       exact_pin_permit_units_match_selected       BOOLEAN         273        2                   -                 -                   -                  -
       exact_pin_permit_units_match_card_sum       BOOLEAN         273        2                   -                 -                   -                  -
                             review_priority       VARCHAR         273        6                   -                 -                   -                  -
