File: price_boundary_estimates.csv
Rows: 120
Columns: 14
SHA-256 (saved bytes): 65e0e9dd186d50c24b9fd32f0ea06a28fc41a1b9a83bac447a7958b0bfb38ce0
Key: market, check, distance_bin
Types: DuckDB inference from the complete saved CSV.
Distinct counts: exact (exact up to 100,000 rows).
Row counts, non-missing counts, and declared-key checks: exact.

           column inferred_type non_missing distinct                   min                  max                  mean                    sd
           market       VARCHAR         120        2                     -                    -                     -                     -
            check       VARCHAR         120        6                     -                    -                     -                     -
     distance_bin       VARCHAR         120       10                     -                    -                     -                     -
    bin_center_ft        BIGINT         120       10                  -450                  450                   0.0    288.43244843624024
         estimate        DOUBLE         120      109  -0.04314179339812036 0.056080755144322855   0.00982433798496344  0.021700373956274187
        std_error        DOUBLE         108      108  0.009416329569874688 0.053102698218897196   0.01595479500894825 0.0071182958064997396
          p_value        DOUBLE         108      108 0.0003170301367976455   0.9944957032597586    0.3140778777175524   0.30805211468963856
           ci_low        DOUBLE         120      109  -0.07486874869848956  0.02326263517496953 -0.018568640106201382  0.023643566820814782
          ci_high        DOUBLE         120      109 -0.014230079500308131   0.1611086395055845   0.03821731607612824  0.030329597596049675
 average_estimate        DOUBLE         120       12 -0.004903945000885656 0.025321595049425563   0.01114808726730587   0.00773767425989159
average_std_error        DOUBLE         120       12  0.006214840446400332 0.018323744427161025  0.009053628654258513 0.0030578671091174474
  average_p_value        DOUBLE         120       12  0.005816272552421248    0.992530238372606   0.23147463916438257   0.25739210682390445
     observations        BIGINT         120       12                 39264               240713              120232.0     79058.79349620525
       ward_pairs        BIGINT         120        5                   135                  141    139.33333333333334    1.6053133065931462
