File: journal_introductions_2001.csv
Rows: 603
Columns: 21
SHA-256 (saved bytes): f86de43709416981b051765649aef0b7d0dc2b00236cbdd4d5c46e12519dd444
Key: file, position
Types: DuckDB inference from the complete saved CSV.
Distinct counts: exact (exact up to 100,000 rows).
Row counts, non-missing counts, and declared-key checks: exact.

            column inferred_type non_missing distinct   min     max               mean                  sd
      meeting_date          DATE         603       14     -       -                  -                   -
              file       VARCHAR         603       14     -       -                  -                   -
          position        BIGINT         603      603 27101 5911731  1749804.713101161  1952928.3840466063
              page        BIGINT         603      108    21    2831  919.7628524046435   977.3078632725922
      journal_page        BIGINT         603      163 48891   76695 61008.640132669985   7309.098655852019
       text_source       VARCHAR         603        1     -       -                  -                   -
             filer       VARCHAR         603        2     -       -                  -                   -
              name       VARCHAR         603      345     -       -                  -                   -
              ward        BIGINT         284       45     1      50  26.20774647887324   14.05827635687649
application_number       VARCHAR           0        0     -       -                  -                   -
    entry_complete       BOOLEAN         603        2     -       -                  -                   -
             steps        BIGINT         603        3     1       3  1.044776119402985 0.22245625489608295
         from_text       VARCHAR         602      181     -       -                  -                   -
           to_text       VARCHAR         602      122     -       -                  -                   -
        map_number       VARCHAR         598      166     -       -                  -                   -
          boundary       VARCHAR         603      599     -       -                  -                   -
    common_address       VARCHAR           0        0     -       -                  -                   -
     record_number       VARCHAR           0        0     -       -                  -                   -
    from_districts       VARCHAR         599      105     -       -                  -                   -
      to_districts       VARCHAR         602       47     -       -                  -                   -
        entry_text       VARCHAR         603      603     -       -                  -                   -
