File: journal_introductions_2002.csv
Rows: 579
Columns: 21
SHA-256 (saved bytes): 1332f9aa283a5e1ec09ea4eb012be40c427da0aeee8df4845e6917fefd59f764
Key: file, position
Types: DuckDB inference from the complete saved CSV.
Distinct counts: exact (exact up to 100,000 rows).
Row counts, non-missing counts, and declared-key checks: exact.

            column inferred_type non_missing distinct   min     max               mean                  sd
      meeting_date          DATE         579       14     -       -                  -                   -
              file       VARCHAR         579       14     -       -                  -                   -
          position        BIGINT         579      579 30882 4309281 1327549.7029360968     1574070.5817347
              page        BIGINT         579       97    27    2393  724.6770293609671    833.838537684715
      journal_page        BIGINT         579      156 76831  101369  87813.95682210708   6629.557250337505
       text_source       VARCHAR         579        1     -       -                  -                   -
             filer       VARCHAR         579        2     -       -                  -                   -
              name       VARCHAR         577      354     -       -                  -                   -
              ward        BIGINT         242       45     1      50  26.00413223140496  13.503495147333547
application_number       VARCHAR           0        0     -       -                  -                   -
    entry_complete       BOOLEAN         579        2     -       -                  -                   -
             steps        BIGINT         579        2     1       2 1.0552677029360966 0.22869962434719532
         from_text       VARCHAR         575      177     -       -                  -                   -
           to_text       VARCHAR         575      142     -       -                  -                   -
        map_number       VARCHAR         572      162     -       -                  -                   -
          boundary       VARCHAR         572      568     -       -                  -                   -
    common_address       VARCHAR           0        0     -       -                  -                   -
     record_number       VARCHAR           0        0     -       -                  -                   -
    from_districts       VARCHAR         574      100     -       -                  -                   -
      to_districts       VARCHAR         568       44     -       -                  -                   -
        entry_text       VARCHAR         579      579     -       -                  -                   -
