File: journal_ordinances_2003.csv
Rows: 444
Columns: 22
SHA-256 (saved bytes): 0e384e96a4741f4ea79abfcafc98e4ec40b4828d5311f50522500385c6a66993
Key: file, position
Types: DuckDB inference from the complete saved CSV.
Distinct counts: exact (exact up to 100,000 rows).
Row counts, non-missing counts, and declared-key checks: exact.

            column inferred_type non_missing distinct     min     max               mean                 sd
      meeting_date          DATE         444       13       -       -                  -                  -
              file       VARCHAR         444       13       -       -                  -                  -
          position        BIGINT         444      444 1542028 3333008 2372310.7477477477  432470.6864005052
              page        BIGINT         444      252     843    1870 1278.9684684684685 232.24667530640164
      journal_page        BIGINT         444      274    1413  106979 32389.626126126128  41518.16171207724
       text_source       VARCHAR         444        1       -       -                  -                  -
            report        BIGINT         444       57       1      58 31.443693693693692 16.353018121304583
      report_title       VARCHAR         444       52       -       -                  -                  -
            action       VARCHAR         444        3       -       -                  -                  -
       heading_map       VARCHAR         443      156       -       -                  -                  -
        change_map       VARCHAR         412      149       -       -                  -                  -
application_number       VARCHAR         443      441       -       -                  -                  -
     record_number       VARCHAR           0        0       -       -                  -                  -
        as_amended       BOOLEAN         444        2       -       -                  -                  -
             steps        BIGINT         444        5       0       7 1.0810810810810811 0.5184650924621282
         from_text       VARCHAR         433      131       -       -                  -                  -
           to_text       VARCHAR         433       87       -       -                  -                  -
          boundary       VARCHAR         438      438       -       -                  -                  -
    ordinance_text       VARCHAR         444      444       -       -                  -                  -
        map_number       VARCHAR         437      152       -       -                  -                  -
    from_districts       VARCHAR         426       77       -       -                  -                  -
      to_districts       VARCHAR         430       42       -       -                  -                  -
