File: journal_amendment_places.csv
Rows: 6924
Columns: 19
SHA-256 (saved bytes): 1ce25e2e72e3fc551a9eaaacc3fb4a420a57b73d70a2284d3f36f8e4f0faf7a4
Key: file, position
Types: DuckDB inference from the complete saved CSV.
Distinct counts: exact (exact up to 100,000 rows).
Row counts, non-missing counts, and declared-key checks: exact.

           column inferred_type non_missing distinct                min                max               mean                  sd
             file       VARCHAR        6924      169                  -                  -                  -                   -
         position        BIGINT        6924     6775              21242            9281444 1239764.6995956094  1705848.7540816031
introduction_date          DATE        6924      169                  -                  -                  -                   -
            filer       VARCHAR        6924        2                  -                  -                  -                   -
          streets       VARCHAR        6867     5114                  -                  -                  -                   -
          corners        BIGINT        6924       15                  0                 16  1.509532062391681  1.1939209304623868
     place_source       VARCHAR        6687        4                  -                  -                  -                   -
     street_kinds       VARCHAR        6640        3                  -                  -                  -                   -
 direction_repair       VARCHAR          50       43                  -                  -                  -                   -
         unplaced       VARCHAR         237        3                  -                  -                  -                   -
        longitude        DOUBLE        6687     6267 -87.86406751305014 -87.52550313545493 -87.67992178935945 0.04993517055489151
         latitude        DOUBLE        6687     6267  41.64756879812582  42.02263722282271  41.87934059602184  0.0809403255973029
      filing_ward        BIGINT        2439       50                  1                 50 27.367363673636735   15.01654600350828
      placed_ward        BIGINT        6674       50                  1                 50 25.764309259814205  14.680616277945152
             ward        BIGINT        6761       50                  1                 50  25.77947049253069  14.675041155473698
      ward_source       VARCHAR        6924        6                  -                  -                  -                   -
         alderman       VARCHAR        6758       87                  -                  -                  -                   -
     redrawn_ward        BIGINT        6760       50                  1                 50  25.59423076923077  14.833603756817228
 redrawn_alderman       VARCHAR        6757       87                  -                  -                  -                   -
