File: building_permits_2023_2026.csv
Rows: 121286
Columns: 116
SHA-256 (saved bytes): 3315741685611e4e61f1794305f2269db8b5f653d4f984cdd680ec9bba225d85
Key: id
Types: DuckDB inference from the complete saved CSV.
Distinct counts: approximate (exact up to 100,000 rows).
Row counts, non-missing counts, and declared-key checks: exact.

                column inferred_type non_missing distinct                min                max               mean                  sd
                    id       VARCHAR      121286    99491                  -                  -                  -                   -
               permit_       VARCHAR      121286   103909                  -                  -                  -                   -
         permit_status       VARCHAR       97559        7                  -                  -                  -                   -
      permit_milestone       VARCHAR       97559       17                  -                  -                  -                   -
           permit_type       VARCHAR      121286       10                  -                  -                  -                   -
           review_type       VARCHAR      121286       11                  -                  -                  -                   -
application_start_date     TIMESTAMP      121286     1459                  -                  -                  -                   -
            issue_date     TIMESTAMP      121286     1459                  -                  -                  -                   -
       processing_time        BIGINT      121286      843                 -8               1162  24.47712844021569   56.74430731099905
         street_number        BIGINT      121278     6826                  1              13729  3592.231295041145  3052.6369248460287
      street_direction       VARCHAR      121278        4                  -                  -                  -                   -
           street_name       VARCHAR      121278     1502                  -                  -                  -                   -
             work_type       VARCHAR       69129       21                  -                  -                  -                   -
      work_description       VARCHAR      121271   120786                  -                  -                  -                   -
      permit_condition       VARCHAR        7914     5475                  -                  -                  -                   -
     building_fee_paid        DOUBLE      121286     8806                0.0         1354455.27  910.4349435219237   9026.287323315557
       zoning_fee_paid        DOUBLE      121286      338                0.0            46426.0  80.14223529508764     406.22433339899
        other_fee_paid        DOUBLE      121286      663                0.0           199088.0  96.32653645103305  1439.0235374038764
         subtotal_paid        DOUBLE      121286    10164                0.0         1379255.27 1086.9037152680446   9747.929050338566
   building_fee_unpaid        DOUBLE      121286      425             -298.0          168618.12  26.03522657190443   844.1431477632026
     zoning_fee_unpaid        DOUBLE      121286       38                0.0             4825.0 0.6948607423775209   40.64442475656209
      other_fee_unpaid        DOUBLE      121286       96                0.0            39956.0  5.485248668436588  206.24409561672817
       subtotal_unpaid        DOUBLE      121286      592             -298.0          170472.12  32.21533598271853   944.7665003040571
   building_fee_waived        DOUBLE      121286      327                0.0           809700.0 54.338966245073635   2835.135813240039
 building_fee_subtotal        DOUBLE      121286     8806                0.0         1354455.27  990.8091363389024   9493.547702240021
   zoning_fee_subtotal        DOUBLE      121286      372                0.0            46426.0  84.24205225664957   423.2421148720093
    other_fee_subtotal        DOUBLE      121286      711                0.0           199088.0 104.55569224807473   1487.273245086058
     zoning_fee_waived        DOUBLE      121286       93                0.0            14425.0 3.4049562191844074  104.21069459039967
      other_fee_waived        DOUBLE      121286       45                0.0            98136.0 2.7439071286051155   309.6883570372309
       subtotal_waived        DOUBLE      121286      381                0.0           824125.0  60.48782959286315  2958.2773303824974
             total_fee        DOUBLE      121286    10937                0.0         1379255.27 1179.6201503058871  10237.314794360685
        contact_1_type       VARCHAR      121225       23                  -                  -                  -                   -
        contact_1_name       VARCHAR      121225    51471                  -                  -                  -                   -
        contact_1_city       VARCHAR      120803     1238                  -                  -                  -                   -
       contact_1_state       VARCHAR      120705       72                  -                  -                  -                   -
     contact_1_zipcode       VARCHAR      120489     1465                  -                  -                  -                   -
        contact_2_type       VARCHAR      118997       24                  -                  -                  -                   -
        contact_2_name       VARCHAR      118997    18703                  -                  -                  -                   -
        contact_2_city       VARCHAR      118923      724                  -                  -                  -                   -
       contact_2_state       VARCHAR      118687       77                  -                  -                  -                   -
     contact_2_zipcode       VARCHAR      118622     1507                  -                  -                  -                   -
        contact_3_type       VARCHAR      102384       28                  -                  -                  -                   -
        contact_3_name       VARCHAR      102384    20101                  -                  -                  -                   -
        contact_3_city       VARCHAR      102338      816                  -                  -                  -                   -
       contact_3_state       VARCHAR      102333       60                  -                  -                  -                   -
     contact_3_zipcode       VARCHAR      102297     1525                  -                  -                  -                   -
        contact_4_type       VARCHAR       63440       24                  -                  -                  -                   -
        contact_4_name       VARCHAR       63440    21628                  -                  -                  -                   -
        contact_4_city       VARCHAR       63327      774                  -                  -                  -                   -
       contact_4_state       VARCHAR       63287       54                  -                  -                  -                   -
     contact_4_zipcode       VARCHAR       63298     1379                  -                  -                  -                   -
        contact_5_type       VARCHAR       38025       24                  -                  -                  -                   -
        contact_5_name       VARCHAR       38025    10771                  -                  -                  -                   -
        contact_5_city       VARCHAR       37917      573                  -                  -                  -                   -
       contact_5_state       VARCHAR       37903       50                  -                  -                  -                   -
     contact_5_zipcode       VARCHAR       37883     1049                  -                  -                  -                   -
        contact_6_type       VARCHAR       21318       20                  -                  -                  -                   -
        contact_6_name       VARCHAR       21318     5684                  -                  -                  -                   -
        contact_6_city       VARCHAR       21256      479                  -                  -                  -                   -
       contact_6_state       VARCHAR       21245       35                  -                  -                  -                   -
     contact_6_zipcode       VARCHAR       21169      789                  -                  -                  -                   -
        contact_7_type       VARCHAR       13495       16                  -                  -                  -                   -
        contact_7_name       VARCHAR       13495     3536                  -                  -                  -                   -
        contact_7_city       VARCHAR       13479      397                  -                  -                  -                   -
       contact_7_state       VARCHAR       13470       32                  -                  -                  -                   -
     contact_7_zipcode       VARCHAR       13358      681                  -                  -                  -                   -
        contact_8_type       VARCHAR        7055       12                  -                  -                  -                   -
        contact_8_name       VARCHAR        7055     1942                  -                  -                  -                   -
        contact_8_city       VARCHAR        7049      319                  -                  -                  -                   -
       contact_8_state       VARCHAR        7045       20                  -                  -                  -                   -
     contact_8_zipcode       VARCHAR        6975      560                  -                  -                  -                   -
        contact_9_type       VARCHAR        2902       13                  -                  -                  -                   -
        contact_9_name       VARCHAR        2902      841                  -                  -                  -                   -
        contact_9_city       VARCHAR        2901      245                  -                  -                  -                   -
       contact_9_state       VARCHAR        2900        9                  -                  -                  -                   -
     contact_9_zipcode       VARCHAR        2878      341                  -                  -                  -                   -
       contact_10_type       VARCHAR         768        9                  -                  -                  -                   -
       contact_10_name       VARCHAR         768      318                  -                  -                  -                   -
       contact_10_city       VARCHAR         767      131                  -                  -                  -                   -
      contact_10_state       VARCHAR         766        5                  -                  -                  -                   -
    contact_10_zipcode       VARCHAR         760      202                  -                  -                  -                   -
       contact_11_type       VARCHAR          53        6                  -                  -                  -                   -
       contact_11_name       VARCHAR          53       34                  -                  -                  -                   -
       contact_11_city       VARCHAR          53       21                  -                  -                  -                   -
      contact_11_state       VARCHAR          53        3                  -                  -                  -                   -
    contact_11_zipcode       VARCHAR          53       38                  -                  -                  -                   -
       contact_12_type       VARCHAR           6        3                  -                  -                  -                   -
       contact_12_name       VARCHAR           6        5                  -                  -                  -                   -
       contact_12_city       VARCHAR           6        5                  -                  -                  -                   -
      contact_12_state       VARCHAR           6        1                  -                  -                  -                   -
    contact_12_zipcode       VARCHAR           6        5                  -                  -                  -                   -
       contact_13_type       VARCHAR           1        1                  -                  -                  -                   -
       contact_13_name       VARCHAR           1        1                  -                  -                  -                   -
       contact_13_city       VARCHAR           1        1                  -                  -                  -                   -
      contact_13_state       VARCHAR           1        1                  -                  -                  -                   -
    contact_13_zipcode        BIGINT           1        1              60148              60148            60148.0                   -
       contact_14_type       VARCHAR           0        0                  -                  -                  -                   -
       contact_14_name       VARCHAR           0        0                  -                  -                  -                   -
       contact_14_city       VARCHAR           0        0                  -                  -                  -                   -
      contact_14_state       VARCHAR           0        0                  -                  -                  -                   -
    contact_14_zipcode       VARCHAR           0        0                  -                  -                  -                   -
       contact_15_type       VARCHAR           0        0                  -                  -                  -                   -
       contact_15_name       VARCHAR           0        0                  -                  -                  -                   -
       contact_15_city       VARCHAR           0        0                  -                  -                  -                   -
      contact_15_state       VARCHAR           0        0                  -                  -                  -                   -
    contact_15_zipcode       VARCHAR           0        0                  -                  -                  -                   -
         reported_cost        DOUBLE      109784    17621                0.0       1934275000.0 285480.55401506566     7629033.6153913
              pin_list       VARCHAR       77935    39405                  -                  -                  -                   -
        community_area        BIGINT      119904       77                  0                 77  32.34451728049106  22.280529667155367
          census_tract        BIGINT      119233      966                  0             980100   362032.688324541  263948.13959915156
                  ward        BIGINT      119894       45                  0                 50 26.543705272991144  14.691430371674343
           xcoordinate        DOUBLE      121099    55948                0.0 1205078.2887610195  1163497.319711304  32536.972060612872
           ycoordinate        DOUBLE      121099    59179                0.0 1951537.9829265764 1893876.1249001182  55133.762933083315
              latitude        DOUBLE      119373    55946  41.64470194112152   42.0226341540599  41.86727048097364  0.0856913024473857
             longitude        DOUBLE      119373    59911 -87.91443584831512  -87.5246857685996 -87.67315482694974 0.06070925928101958
              location       VARCHAR      119373    62142                  -                  -                  -                   -
