File: condominium_characteristics.csv
Rows: 6873708
Columns: 14
SHA-256 (saved bytes): 76308725e744ee784df9a1f618ea4c270dbbfbda8ff31831ea6ddcf8b2fbd963
Key: row_id
Types: DuckDB inference from the complete saved CSV.
Distinct counts: approximate (exact up to 100,000 rows).
Row counts, non-missing counts, and declared-key checks: exact.

                 column inferred_type non_missing distinct    min          max               mean                 sd
                 row_id       VARCHAR     6873708  6658467      -            -                  -                  -
                    pin       VARCHAR     6873708   342339      -            -                  -                  -
                  pin10       VARCHAR     6873708    16470      -            -                  -                  -
                   year        DOUBLE     6873708       29 1999.0       2026.0 2014.1678684925225  7.443958706957786
                  class        BIGINT     6873708        2    299          399  299.6641102589752   8.12219139511484
             char_yrblt        DOUBLE     6873708      207 1813.0       2026.0 1967.1619354502693  35.85584006960287
       char_building_sf        DOUBLE     1620743     5499  396.0     227700.0 13722.737971411878   8926.46847796098
           char_unit_sf        DOUBLE      912250     2299    5.0      24796.0 1538.0116821046863  745.0070925778648
           char_land_sf        DOUBLE     6520878     8570    1.0 2656463040.0  43061.46394304571  2755840.512687155
     char_building_pins        DOUBLE     6873708      613    1.0       1686.0 241.11114932435302 283.20744700873934
char_building_non_units        DOUBLE     6873708      363    0.0        782.0  74.93163908039155  136.8307565503982
       is_parking_space       BOOLEAN     6873708        2      -            -                  -                  -
         is_common_area       BOOLEAN     6873708        2      -            -                  -                  -
      bldg_is_mixed_use       BOOLEAN     6873708        2      -            -                  -                  -
