File: journal_ordinance_links.csv
Rows: 5815
Columns: 18
SHA-256 (saved bytes): b2daafbda1d6cb721db586327d18d79c9b20f257ceaf7808bf26e9bebf5fe0b5
Key: ordinance
Types: DuckDB inference from the complete saved CSV.
Distinct counts: exact (exact up to 100,000 rows).
Row counts, non-missing counts, and declared-key checks: exact.

                  column inferred_type non_missing distinct   min     max               mean                 sd
               ordinance       VARCHAR        5815     5815     -       -                  -                  -
            meeting_date          DATE        5815      147     -       -                  -                  -
                    file       VARCHAR        5815      147     -       -                  -                  -
                position        BIGINT        5815     5809 27775 8582678 3099387.2538263113 1135733.3809375416
                    page        BIGINT        5815     1632    16    3706 1595.7595872742907  524.5338048225467
            journal_page        BIGINT        5815     3423  1413  118499  55283.92433361995 31249.563145970857
                  action       VARCHAR        5815        5     -       -                  -                  -
      application_number       VARCHAR        5794     5746     -       -                  -                  -
           record_number       VARCHAR         810      808     -       -                  -                  -
              map_number       VARCHAR        5747      241     -       -                  -                  -
          from_districts       VARCHAR        5670      477     -       -                  -                  -
            to_districts       VARCHAR        5679      137     -       -                  -                  -
            introduction       VARCHAR        5370     5342     -       -                  -                  -
     record_introduction       VARCHAR         273      273     -       -                  -                  -
application_introduction       VARCHAR         433      432     -       -                  -                  -
   boundary_introduction       VARCHAR        5339     5252     -       -                  -                  -
     boundary_similarity        DOUBLE        5339      144   0.4     1.0 0.9508568576679263 0.1180516870905852
              link_basis       VARCHAR        5815        5     -       -                  -                  -
