File: rental_rd_characteristics_panel_bw1500.parquet
Rows: 989256
Columns: 113
SHA-256 (saved bytes): ba4542cc1f9c3024046735304ea38ddba29458c17c89b22fe6e75360bbe79962
Key: rent_panel_id
Types: Stored Parquet schema.
Distinct counts: approximate (exact up to 100,000 rows).
Row counts, non-missing counts, and declared-key checks: exact.

                                        column inferred_type non_missing distinct                    min                max                 mean                   sd
                                 rent_panel_id       VARCHAR      989256  1031175                      -                  -                    -                    -
                                  analysis_key       VARCHAR      989256   394872                      -                  -                    -                    -
                                    key_source       VARCHAR      989256        1                      -                  -                    -                    -
                                   property_id       VARCHAR           0        0                      -                  -                    -                    -
                                       unit_id       VARCHAR           0        0                      -                  -                    -                    -
                                  property_key       VARCHAR      989256   173644                      -                  -                    -                    -
                                 floorplan_key       VARCHAR      989256   394872                      -                  -                    -                    -
                                  address_norm       VARCHAR      912326   137501                      -                  -                    -                    -
                               address_missing       INTEGER      989256        2                      0                  1  0.07776551266810613   0.2678023715440041
                                   month_start          DATE      989256       96                      -                  -                    -                    -
                           first_observed_date          DATE      989256     2407                      -                  -                    -                    -
                           first_observed_rent        DOUBLE      989256     9418                  490.0            16713.0    1985.318589434888    993.1342259784803
                                   active_days       INTEGER      989256       29                      1                 31   3.4735963188497214    4.331951628261987
                          distinct_daily_rents       INTEGER      989256       24                      1                 24   1.5490651560364557   1.6298898762166878
                               multi_rent_days        DOUBLE      989256       30                    0.0               30.0   0.6129323451159255     2.39542496738182
                         same_rent_repeat_days        DOUBLE      989256       32                    0.0               31.0   0.3199707659089255     1.81285535554781
                                raw_rows_month        DOUBLE      989256      552                    1.0             1795.0    5.862601793671203   16.991861077593455
                                            id       VARCHAR      989256  1107278                      -                  -                    -                    -
                                    rent_price        DOUBLE      989256   250813      581.1620284598174  19336.59893573796    2273.765332665142   1120.9783308571414
                                 building_type       VARCHAR      962430       15                      -                  -                    -                    -
                           building_type_clean       VARCHAR      989256        6                      -                  -                    -                    -
                                          beds        DOUBLE      989256       10                    0.0                8.0   1.6768814139110604   1.0365441606662527
                                         baths        DOUBLE      986672       16                    0.0                8.0    1.330328467819093   0.5503071994185568
                                          sqft        DOUBLE      631713     2517                  233.0             6000.0   1000.3885593616088    442.7089895537533
                                       laundry       INTEGER      989256        2                      0                  1   0.4892211924921355  0.49988405646377615
                                           gym       INTEGER      989256        2                      0                  1   0.1891916753600686   0.3916610018866668
                                       doorman       INTEGER      989256        2                      0                  1   0.1345667855438835   0.3412604335339427
                                     furnished       INTEGER      989256        2                      0                  1  0.04178190478501015  0.20009052373509795
                                          pool       INTEGER      989256        2                      0                  1  0.16363711718705776  0.36994614393491426
                                    year_built        DOUBLE        6512       49                 1866.0             2017.0    1998.325552825553    25.91251490124252
                                available_date          DATE       31428      715                      -                  -                    -                    -
                                     file_date          DATE      989256       96                      -                  -                    -                    -
                                      latitude        DOUBLE      989256    89974          41.6579208374         42.0195051     41.8962562660128  0.06005232595045182
                                     longitude        DOUBLE      989256    74387            -87.8451499 -87.54263999999999    -87.6514219022646 0.037182064546849816
                                modal_latitude        DOUBLE      912326    51524               41.63051          42.038322    41.89508193579524  0.05977549369250822
                               modal_longitude        DOUBLE      912326    37348         -87.8461914062          -87.54264   -87.65075999266215  0.03711936731203875
flag_geometry_uses_address_location_correction       BOOLEAN      989256        2                      -                  -                    -                    -
                    flag_location_questionable       BOOLEAN      989256        2                      -                  -                    -                    -
                       location_quality_status       VARCHAR      989256        5                      -                  -                    -                    -
                               assignment_date          DATE      989256     2407                      -                  -                    -                    -
                              renthub_latitude        DOUBLE      989256   105401              41.636475          42.043514   41.896241850276304  0.06010944260685385
                             renthub_longitude        DOUBLE      989256    75578              -88.09281          -87.54263   -87.65145583893842  0.03723103568296951
                                 boundary_year       INTEGER      989256        2                   2003               2015   2012.5147383488197    4.862780916593459
                                          ward        DOUBLE      989256       54                    1.0               50.0   26.726610705419024   17.596041586673326
                                 neighbor_ward        DOUBLE      989256       54                    1.0               50.0    25.26146821449655   17.033359921969257
                                  ward_pair_id       VARCHAR      989256      149                      -                  -                    -                    -
                                        dist_m        DOUBLE      989256   127308   0.005171906871675538 457.19856800930006   184.22604848114656   125.20297504323716
                flag_modal_sensitivity_checked       BOOLEAN      989256        2                      -                  -                    -                    -
                                    modal_ward       INTEGER      912302       45                      1                 50    26.42334007817587   17.608540711531102
                           modal_neighbor_ward       INTEGER      912302       45                      1                 50   24.999316015968397    17.05157090039332
                            modal_ward_pair_id       VARCHAR      912302      149                      -                  -                    -                    -
                                  modal_dist_m        DOUBLE      912302    99992   0.005171906871675538 2475.2666806011334   184.97778722713366   128.45057978093357
                                 modal_dist_ft        DOUBLE      912302    91165    0.01696819839788562  8120.953676512904    606.8825040260657   421.42578668286484
                 flag_modal_assignment_missing       BOOLEAN      989256        2                      -                  -                    -                    -
                       flag_modal_changes_ward       BOOLEAN      989256        2                      -                  -                    -                    -
              flag_modal_changes_neighbor_ward       BOOLEAN      989256        2                      -                  -                    -                    -
                       flag_modal_changes_pair       BOOLEAN      989256        2                      -                  -                    -                    -
                  flag_modal_dist_diff_gt100ft       BOOLEAN      989256        2                      -                  -                    -                    -
                 flag_rd_location_questionable       BOOLEAN      989256        2                      -                  -                    -                    -
                                    month_join        DOUBLE      989256      118                 2014.0 2022.9166666666667   2017.7318694558726   2.6622327347202037
                                  alderman_own       VARCHAR      989256       79                      -                  -                    -                    -
                             alderman_neighbor       VARCHAR      989256       79                      -                  -                    -                    -
                     flag_missing_own_alderman       BOOLEAN      989256        1                      -                  -                    -                    -
                flag_missing_neighbor_alderman       BOOLEAN      989256        1                      -                  -                    -                    -
                  flag_missing_alderman_lookup       BOOLEAN      989256        1                      -                  -                    -                    -
                               rent_year_month       VARCHAR      989256      118                      -                  -                    -                    -
                  rent_price_cpi_chi_all_items        DOUBLE      989256      104                225.027            278.415   238.26533413423908   14.504507013720481
                   rent_price_deflator_to_2022        DOUBLE      989256      108      0.981829582936743  1.214770153507505   1.1511829130654565  0.06428474665313545
                            rent_price_nominal        DOUBLE      989256    14287                  490.0            16713.0   1983.2915024801462    991.1243666808292
                                    segment_id       VARCHAR      989256     2756                      -                  -                    -                    -
                                segment_reason       VARCHAR      989256        1                      -                  -                    -                    -
                           analysis_segment_id       VARCHAR      989256     2756                      -                  -                    -                    -
                                 valid_segment       BOOLEAN      989256        1                      -                  -                    -                    -
                                invalid_reason       VARCHAR      989256        1                      -                  -                    -                    -
                             segment_length_ft        DOUBLE      989256     2645     10.013376054993406 1965.2452099191446   1264.5309883609664    252.6811965448068
                               segment_lt500ft       BOOLEAN      989256        2                      -                  -                    -                    -
                              segment_lt1000ft       BOOLEAN      989256        2                      -                  -                    -                    -
                                strictness_own        DOUBLE      989256       83     -3.445538716858071 1.9225861455290751   0.0766804723438306   0.8204159979376338
                           strictness_neighbor        DOUBLE      989256       83     -3.445538716858071 1.9225861455290751  0.07248390265386082   0.8198289296976475
                                          sign        DOUBLE      989256        2                   -1.0                1.0  0.00892387814680932   0.9999606868172447
                                 signed_dist_m        DOUBLE      989256   116193    -457.19856800930006 457.19358862893347     9.31790422017458   222.54939402237952
                                       dist_ft        DOUBLE      989256   127933    0.01696819839788562 1499.9953018677822    604.4161695577751      410.77091549619
                                   signed_dist        DOUBLE      989256   106243    -1499.9953018677822  1499.978965318023   30.570551903448326    730.1489305196059
                                          year        DOUBLE      989256        9                 2014.0             2022.0   2017.2432201573708    2.649172354584484
                                    year_month       VARCHAR      989256      118                      -                  -                    -                    -
                                signed_dist_ft        DOUBLE      989256   106243    -1499.9953018677822  1499.978965318023   30.570551903448326    730.1489305196059
                                     ward_pair       VARCHAR      989256      149                      -                  -                    -                    -
                                         right       INTEGER      989256        2                      0                  1   0.5044619390734046    0.499980343408622
                          building_type_factor       VARCHAR      989256        6                      -                  -                    -                    -
                                is_multifamily       INTEGER      989256        2                      0                  1   0.5961682314790104   0.4906647680655782
                              is_single_family       INTEGER      989256        2                      0                  1  0.17318873982063288   0.3784105508171153
                                      is_condo       INTEGER      989256        2                      0                  1   0.1690987974801265  0.37483934718945394
                                  is_townhouse       INTEGER      989256        2                      0                  1 0.015538950484000096   0.1236830908633214
                                      log_sqft        DOUBLE      631713     2542        5.4510384535657  8.699514748210191    6.823422170303252  0.40758050877116997
                                      log_beds        DOUBLE      863892        9                    0.0 2.0794415416798357   0.5497769437874016  0.45640678856222006
                                     log_baths        DOUBLE      982600       17    -0.6931471805599453 2.0794415416798357   0.2230798476984209  0.34521095611846014
                    flag_clean_location_sample       BOOLEAN      989256        2                      -                  -                    -                    -
              flag_no_modal_pair_change_sample       BOOLEAN      989256        2                      -                  -                    -                    -
              flag_no_modal_ward_change_sample       BOOLEAN      989256        2                      -                  -                    -                    -
           flag_no_questionable_address_sample       BOOLEAN      989256        2                      -                  -                    -                    -
                        nearest_school_dist_ft        DOUBLE      989256   104710      11.75439956381854  4852.786858867132   1426.7119750588934    851.1312932431164
                          nearest_park_dist_ft        DOUBLE      989256   110475                    0.0  5724.261142159749    813.0510246692147     531.022756306863
                    nearest_major_road_dist_ft        DOUBLE      989256   133582  0.0007651842853817326  1958.812163501459   347.80972312305533    285.0286803605437
                         lake_michigan_dist_ft        DOUBLE      989256   136688       42.0480812491453  56297.65308841926     8631.98035859733    7944.723148888821
                      nearest_cta_stop_dist_ft        DOUBLE      989256   121544    0.16702613997913607  24023.77813230284     2644.00662093012    2712.876833102974
                        nearest_cta_station_id       VARCHAR      989256      129                      -                  -                    -                    -
                      nearest_cta_station_name       VARCHAR      989256      119                      -                  -                    -                    -
                             nearest_cta_lines       VARCHAR      989256       23                      -                  -                    -                    -
                       nearest_school_dist_kft        DOUBLE      989256   102449    0.01175439956381854  4.852786858867132   1.4267119750591046   0.8511312932431125
                         nearest_park_dist_kft        DOUBLE      989256   109958                    0.0  5.724261142159749   0.8130510246700471   0.5310227563068517
                   nearest_major_road_dist_kft        DOUBLE      989256   129674  7.651842853817326e-07  1.958812163501459   0.3478097231233038   0.2850286803605376
                     nearest_cta_stop_dist_kft        DOUBLE      989256   125371 0.00016702613997913608  24.02377813230284    2.644006620930001   2.7128768331030297
                        lake_michigan_dist_kft        DOUBLE      989256   123138   0.042048081249145296  56.29765308841926     8.63198035860425    7.944723148888751
