File: permit_event_study_high_discretion_all_signed_500ft.csv
Rows: 1
Columns: 11
SHA-256 (saved bytes): e5efe4fe8e9c57f845681457eafb0c507e4950450d6a35fc1bedf80a4a836d62
Key: not declared in this report
Types: DuckDB inference from the complete saved CSV.
Distinct counts: exact (exact up to 100,000 rows).
Row counts, non-missing counts, and declared-key checks: exact.

               column inferred_type non_missing distinct                  min                  max                 mean sd
       outcome_family       VARCHAR           1        1                    -                    -                    -  -
          sample_rule       VARCHAR           1        1                    -                    -                    -  -
       direction_rule       VARCHAR           1        1                    -                    -                    -  -
      bandwidth_label       VARCHAR           1        1                    -                    -                    -  -
      pooled_estimate        DOUBLE           1        1 -0.08614773857445267 -0.08614773857445267 -0.08614773857445267  -
            pooled_se        DOUBLE           1        1  0.03697736290738882  0.03697736290738882  0.03697736290738882  -
       pooled_p_value        DOUBLE           1        1 0.021770676980656337 0.021770676980656337 0.021770676980656337  -
pooled_percent_change        DOUBLE           1        1   -8.254132282996785   -8.254132282996785   -8.254132282996785  -
           pretrend_f        DOUBLE           1        1   0.5968353492757373   0.5968353492757373   0.5968353492757373  -
     pretrend_p_value        DOUBLE           1        1   0.6657279742768079   0.6657279742768079   0.6657279742768079  -
         observations        BIGINT           1        1                49572                49572              49572.0  -
