File: permit_event_study_high_discretion_stable_signed_500ft.csv
Rows: 1
Columns: 11
SHA-256 (saved bytes): 866dfc2533ee66f7807afc5fa9b77c22e4955f7a86c59d02b3d2cbb12f44170e
Key: not declared in this report
Types: DuckDB inference from the complete saved CSV.
Distinct counts: exact (exact up to 100,000 rows).
Row counts, non-missing counts, and declared-key checks: exact.

               column inferred_type non_missing distinct                  min                  max                 mean sd
       outcome_family       VARCHAR           1        1                    -                    -                    -  -
          sample_rule       VARCHAR           1        1                    -                    -                    -  -
       direction_rule       VARCHAR           1        1                    -                    -                    -  -
      bandwidth_label       VARCHAR           1        1                    -                    -                    -  -
      pooled_estimate        DOUBLE           1        1 -0.12651876380954596 -0.12651876380954596 -0.12651876380954596  -
            pooled_se        DOUBLE           1        1 0.048785767956010376 0.048785767956010376 0.048785767956010376  -
       pooled_p_value        DOUBLE           1        1 0.011023524657580384 0.011023524657580384 0.011023524657580384  -
pooled_percent_change        DOUBLE           1        1  -11.884238448528217  -11.884238448528217  -11.884238448528217  -
           pretrend_f        DOUBLE           1        1   1.0219388451124263   1.0219388451124263   1.0219388451124263  -
     pretrend_p_value        DOUBLE           1        1   0.4001424687774624   0.4001424687774624   0.4001424687774624  -
         observations        BIGINT           1        1                36830                36830              36830.0  -
