File: permit_event_study_low_discretion_nosigns_stable_signed_500ft.csv
Rows: 1
Columns: 11
SHA-256 (saved bytes): 726ea17018507eae3896ee4560e398c464bccf51515aac0a066badeebeb3cebc
Key: not declared in this report
Types: DuckDB inference from the complete saved CSV.
Distinct counts: exact (exact up to 100,000 rows).
Row counts, non-missing counts, and declared-key checks: exact.

               column inferred_type non_missing distinct                  min                  max                 mean sd
       outcome_family       VARCHAR           1        1                    -                    -                    -  -
          sample_rule       VARCHAR           1        1                    -                    -                    -  -
       direction_rule       VARCHAR           1        1                    -                    -                    -  -
      bandwidth_label       VARCHAR           1        1                    -                    -                    -  -
      pooled_estimate        DOUBLE           1        1 -0.01718451938279406 -0.01718451938279406 -0.01718451938279406  -
            pooled_se        DOUBLE           1        1 0.049913315326624914 0.049913315326624914 0.049913315326624914  -
       pooled_p_value        DOUBLE           1        1   0.7313992784296828   0.7313992784296828   0.7313992784296828  -
pooled_percent_change        DOUBLE           1        1  -1.7037707695262028  -1.7037707695262028  -1.7037707695262028  -
           pretrend_f        DOUBLE           1        1   2.1988259454279233   2.1988259454279233   2.1988259454279233  -
     pretrend_p_value        DOUBLE           1        1  0.07500471528605292  0.07500471528605292  0.07500471528605292  -
         observations        BIGINT           1        1                35541                35541              35541.0  -
