File: zoning_amendment_wards.csv
Rows: 6568
Columns: 13
SHA-256 (saved bytes): 634e182541d4d1ff669d38092264ee8dc741895b66be73d5d2ab23c8661a1496
Key: matter_id
Types: DuckDB inference from the complete saved CSV.
Distinct counts: exact (exact up to 100,000 rows).
Row counts, non-missing counts, and declared-key checks: exact.

            column inferred_type non_missing distinct              min              max               mean                  sd
         matter_id       VARCHAR        6568     6568                -                -                  -                   -
 introduction_date          DATE        6568      230                -                -                  -                   -
     address_query       VARCHAR        6384     5800                -                -                  -                   -
     geocode_match       VARCHAR        6384        3                -                -                  -                   -
geocode_match_type       VARCHAR        6264        2                -                -                  -                   -
   matched_address       VARCHAR        6264     5629                -                -                  -                   -
         longitude        DOUBLE        6264     5627 -87.867138665863 -87.524687713971 -87.67910166837716 0.04562948409355617
          latitude        DOUBLE        6264     5627  41.492135178661  42.020337715968   41.8827895531183 0.07452195311130665
          map_year        BIGINT        6568        3             2003             2024 2013.6434226552983   7.252824004947139
              ward        BIGINT        6407       50                1               50  25.06836272826596  14.550782332522589
       ward_source       VARCHAR        6568        5                -                -                  -                   -
filing_ward_agrees       BOOLEAN        1166        2                -                -                  -                   -
          alderman       VARCHAR        6404      111                -                -                  -                   -
