File: sales_sample_definition_candidates.parquet
Rows: 297309
Columns: 31
SHA-256 (saved bytes): 9076a1021b380aecee519d7ea56bbf2657de5d6d5bbedce2c57fc973eb081ae4
Key: not declared in this report
Types: Stored Parquet schema.
Distinct counts: approximate (exact up to 100,000 rows).
Row counts, non-missing counts, and declared-key checks: exact.

                                  column inferred_type non_missing distinct               min                max               mean                  sd
                                  row_id       VARCHAR      297309   256301                 -                  -                  -                   -
                       sale_document_num       VARCHAR      297309   272151                 -                  -                  -                   -
                                     pin       VARCHAR      297309   202389                 -                  -                  -                   -
                                    year       INTEGER      297309       19              2006               2022 2014.1616096384569   5.105066465855769
                           sale_date_use          DATE      297309     3739                 -                  -                  -                   -
                      sale_price_numeric        DOUBLE      297309    12302           10001.0        225000001.0  314356.1479807204   783865.9275987654
                    sale_price_real_2022        DOUBLE      297309   123541 9950.825872637146  285864232.8709818  375313.2471038304   1014125.175737779
                           class_numeric       INTEGER      297309       13               202                295 213.32043093212786  22.835148033674493
                          sale_deed_type       VARCHAR      297309        4                 -                  -                  -                   -
                         mydec_deed_type       VARCHAR      297309       23                 -                  -                  -                   -
                       neighborhood_code       INTEGER      297309      151             70010              77170  72667.42752489833   2263.194422754856
                            seller_valid       BOOLEAN      297309        2                 -                  -                  -                   -
                             buyer_valid       BOOLEAN      297309        2                 -                  -                  -                   -
                        same_named_party       BOOLEAN      297309        2                 -                  -                  -                   -
                     official_flags_pass       BOOLEAN      297309        2                 -                  -                  -                   -
                         nonmarket_mydec       BOOLEAN      297309        2                 -                  -                  -                   -
                        market_deed_type       BOOLEAN      297309        2                 -                  -                  -                   -
                      structure_eligible       BOOLEAN      297307        2                 -                  -                  -                   -
                                log_sqft        DOUBLE      297268     7122 5.991464547107982 10.334555428023798  7.395459452833028  0.4943707064573334
                           log_land_sqft        DOUBLE      297227     8640  4.31748811353631 12.589326227273117  8.204511083550052 0.36792317980587563
                        log_building_age        DOUBLE      296957      144               0.0   5.25227342804663  4.235391991770174   0.805945696564345
                            log_bedrooms        DOUBLE      297271       27               0.0  4.499809670330265  1.245071655355016  0.4108466900009292
                               log_baths        DOUBLE      297271       27               0.0 2.6390573296152584 0.5339301701322585  0.4820674634065615
                              has_garage       INTEGER      297307        2                 0                  1 0.7419973293598873  0.4375362116319854
                       complete_hedonics       BOOLEAN      297309        2                 -                  -                  -                   -
                   Legacy names-required       BOOLEAN      297309        2                 -                  -                  -                   -
        Warranty/trustee, names optional       BOOLEAN      297309        2                 -                  -                  -                   -
                      Production current       BOOLEAN      297309        2                 -                  -                  -                   -
               Official flags, inclusive       BOOLEAN      297309        2                 -                  -                  -                   -
Official flags, exclude nonmarket labels       BOOLEAN      297309        2                 -                  -                  -                   -
       Official flags, market deed types       BOOLEAN      297309        2                 -                  -                  -                   -
