File: apartment_events.csv
Rows: 34594
Columns: 15
SHA-256 (saved bytes): 6b162338e90562ffe95577e1fcee2993645e76bdb3d56ebc2e4147e2ce529e7e
Key: pin10, event_year
Types: DuckDB inference from the complete saved CSV.
Distinct counts: exact (exact up to 100,000 rows).
Row counts, non-missing counts, and declared-key checks: exact.

              column inferred_type non_missing distinct   min   max               mean                 sd
                 pin       VARCHAR       34594    34231     -     -                  -                  -
               pin10       VARCHAR       34594    34212     -     -                  -                  -
          event_year        BIGINT       34594       26  2000  2025 2010.3997224952304  7.373717659301512
                year        BIGINT       34594       32  1990  2025 2010.3736775163322  7.377934427795122
               route       VARCHAR       34594        7     -     -                  -                  -
         date_source       VARCHAR       34594        3     -     -                  -                  -
  apartment_building       BOOLEAN       34594        2     -     -                  -                  -
               large       BOOLEAN       34594        2     -     -                  -                  -
               condo       BOOLEAN       34594        2     -     -                  -                  -
   existing_building       BOOLEAN       34594        2     -     -                  -                  -
       same_building       BOOLEAN       34594        2     -     -                  -                  -
valuation_year_built        BIGINT        9588      152     0  2025 1995.8071547768043  54.64088209918325
     valuation_units        BIGINT        1536      200     0  1679      105.021484375 136.86147039557014
     valuation_large       BOOLEAN        9588        2     -     -                  -                  -
    valuation_record        BIGINT        9588     5178 13497 85584 57422.032957863994 19997.477510034238
