File: alderman_zoning_measures.csv
Rows: 115
Columns: 17
SHA-256 (saved bytes): b31b387ab0a379ffd19265f208643927c96ced309d17af54c152984525748218
Key: alderman
Types: DuckDB inference from the complete saved CSV.
Distinct counts: exact (exact up to 100,000 rows).
Row counts, non-missing counts, and declared-key checks: exact.

                column inferred_type non_missing distinct                   min                 max                   mean                   sd
              alderman       VARCHAR         115      115                     -                   -                      -                    -
       years_in_office        DOUBLE         115       42   0.07665982203969883  16.654346338124572      7.228354611195429    4.796166239952129
  applications_decided        BIGINT          92       61                     1                 387     44.619565217391305    63.12099707970683
          stall_effect        DOUBLE          92       92  -0.12018177716978272   0.904441815145852   0.007571154581704684   0.1234855150630647
              stall_se        DOUBLE          92       61  0.013497001145733278  0.2655172658267389    0.07059281044149451   0.0548696006459281
          stall_shrunk        DOUBLE          56       56  -0.05816988631233435 0.09017784453882083 -0.0034236335643472496 0.032588434043562285
 terminal_stall_effect        DOUBLE          92       92  -0.09653868665288007  0.9222485975425714  0.0038863024015859645  0.11474930907633407
 terminal_stall_shrunk        DOUBLE          56       56  -0.04867950374029447  0.1164860332213897 -0.0023824055150268725 0.030290466262110797
          delay_effect        DOUBLE          92       92 -0.037079927495591365 0.48398633265115487  0.0038162181639905335  0.06543038983701226
          delay_shrunk        DOUBLE          56       56 -0.023577607278599696 0.05093360703685418 -0.0012565897760376562 0.017636392923807177
   applications_passed        BIGINT         106       63                     1                 399      43.45283018867924   59.679322745338844
           days_effect        DOUBLE         106      106   -1.1367391614152769  0.9559209778412203   -0.02600793072027351  0.23831137111738676
               days_se        DOUBLE         106       63   0.03064209764085641   0.612075420993916       0.15791720707558  0.12299588806962426
           days_shrunk        DOUBLE          56       56  -0.14891115872220265 0.25219250233971646   -0.03172355589964869   0.0864689561781556
           downzonings        BIGINT         115       19                     0                  40     3.6782608695652175     6.09939287471483
       downzoning_rate        DOUBLE         115       56                   0.0   4.961351875808538     0.4471338983622112   0.7156007715209755
downzoning_rate_shrunk        DOUBLE         115       75   0.04681128301247778    3.69233679314214     0.4858718380553779   0.5315365105605077
